(kicad_sch
	(version 20250526)
	(generator "kiutils")
	(generator_version "9.0")
	(paper "A4")
	(lib_symbols)
	(sheet_instances
		(path "/"
			(page "1")
		)
	)
	(embedded_fonts no)
)
